!<!CodeModel> 
info: !<!Info> 
  description: test
  title: Test
schemas: !<!Schemas> 
  strings:
    - !<!StringSchema> &ref_2
      type: string
      language: !<!Languages> 
        default:
          name: string
          description: simple string
      protocol: !<!Protocols> {}
    - !<!StringSchema> &ref_0
      type: string
      language: !<!Languages> 
        default:
          name: ''
          description: ''
      protocol: !<!Protocols> {}
  dictionaries:
    - !<!DictionarySchema> &ref_1
      type: dictionary
      elementType: *ref_0
      language: !<!Languages> 
        default:
          name: ''
          description: Dictionary of <>
      protocol: !<!Protocols> {}
    - !<!DictionarySchema> &ref_3
      type: dictionary
      elementType: *ref_1
      language: !<!Languages> 
        default:
          name: DictOfDict
          description: Dictionary of <>
      protocol: !<!Protocols> {}
globalParameters:
  - !<!Parameter> &ref_4
    schema: *ref_2
    clientDefaultValue: ''
    implementation: Client
    origin: 'modelerfour:synthesized/host'
    required: true
    extensions:
      x-ms-skip-url-encoding: true
    language: !<!Languages> 
      default:
        name: $host
        description: server parameter
        serializedName: $host
    protocol: !<!Protocols> 
      http: !<!HttpParameter> 
        in: uri
operationGroups:
  - !<!OperationGroup> 
    $key: dictionary
    operations:
      - !<!Operation> 
        apiVersions:
          - !<!ApiVersion> 
            version: test-0.1
        parameters:
          - *ref_4
        requests:
          - !<!Request> 
            language: !<!Languages> 
              default:
                name: ''
                description: ''
            protocol: !<!Protocols> 
              http: !<!HttpRequest> 
                path: /dictionary/nested
                method: get
                uri: '{$host}'
        signatureParameters: []
        responses:
          - !<!SchemaResponse> 
            schema: *ref_3
            language: !<!Languages> 
              default:
                name: ''
            protocol: !<!Protocols> 
              http: !<!HttpResponse> 
                knownMediaType: json
                mediaTypes:
                  - application/json
                statusCodes:
                  - '200'
        language: !<!Languages> 
          default:
            name: getDictionaryValid
            description: ''
        protocol: !<!Protocols> {}
    language: !<!Languages> 
      default:
        name: dictionary
        description: ''
    protocol: !<!Protocols> {}
security: !<!Security> 
  authenticationRequired: false
language: !<!Languages> 
  default:
    name: ''
    description: ''
protocol: !<!Protocols> 
  http: !<!HttpModel> {}
